INFO    : Building target slides
INFO    : XSL conversion of C:\Users\CSafranski\pretext projects\jmm2026slides\new-pretext-project\source\main.ptx by C:\Users\CSafranski\.ptx\2.34.0\core\xsl\utilities\pretext-enhanced-source.xsl
INFO    : successful application of C:\Users\CSafranski\.ptx\2.34.0\core\xsl\utilities\pretext-enhanced-source.xsl
INFO    : Generating any needed assets.
INFO    : Finished generating assets.

INFO    : Preparing to build into C:\Users\CSafranski\pretext projects\jmm2026slides\new-pretext-project\output\slides.
INFO    : discovering source file's directory name: C:\Users\CSafranski\pretext projects\jmm2026slides\new-pretext-project\source
INFO    : verifying and expanding input directory: C:\Users\CSafranski\pretext projects\jmm2026slides\new-pretext-project\source\../generated-assets
INFO    : input directory expanded to absolute path: C:\Users\CSafranski\pretext projects\jmm2026slides\new-pretext-project\generated-assets
INFO    : verifying and expanding input directory: C:\Users\CSafranski\pretext projects\jmm2026slides\new-pretext-project\source\../assets
INFO    : input directory expanded to absolute path: C:\Users\CSafranski\pretext projects\jmm2026slides\new-pretext-project\assets
INFO    : converting C:\Users\CSafranski\pretext projects\jmm2026slides\new-pretext-project\source\main.ptx to HTML in C:\Users\CSAFRA~1\AppData\Local\Temp\ptx-x1seaqeu
INFO    : XSL conversion of C:\Users\CSafranski\pretext projects\jmm2026slides\new-pretext-project\source\main.ptx by C:\Users\CSafranski\.ptx\2.34.0\core\xsl\pretext-revealjs.xsl
INFO    : messages from the log for XSL processing:
INFO    : * ********************************************************************************
INFO    : * Conversion to reveal.js presentations/slideshows is experimental
INFO    : * Requests for additional specific constructions welcome
INFO    : * Additional PreTeXt elements are subject to change
INFO    : * ********************************************************************************
INFO    : * PTX:INFO:   checking all deprecated elements.
WARNING : * PTX:DEPRECATE: (2024-10-08) elements previously included in a "titlepage" element inside the "frontmatter" (author, editor, credit, date, and event) should now be placed in "frontmatter/bibinfo".  To ensure a title page is created, put only the empty element "titlepage-items" inside "titlepage".  Until you move these elements, we will try to honor your intent. (1 time)
INFO    : *              located within: "WeBWorK in  in Runestone" (title)
INFO    : * --------------
INFO    : successful application of C:\Users\CSafranski\.ptx\2.34.0\core\xsl\pretext-revealjs.xsl
INFO    : Removing temporary directory C:\Users\CSAFRA~1\AppData\Local\Temp\ptx-x1seaqeu
INFO    : 
Finished build for target slides. The output is in C:\Users\CSafranski\pretext projects\jmm2026slides\new-pretext-project\output\slides.

INFO    : 
Success!  Built requested target(s) without errors.

INFO    : 
